// Jest Snapshot v1, https://goo.gl/fbAQLP

exports[`BrightnessSlider should render correctly 1`] = `
<input
  className="brightness-slider"
  defaultValue={1}
  max="254"
  min="0"
  onMouseUp={[Function]}
  type="range"
/>
`;
