// Jest Snapshot v1, https://goo.gl/fbAQLP

exports[`ErrorMessage should render correctly 1`] = `
<div
  style={
    Object {
      "color": "red",
    }
  }
>
  test
</div>
`;
