// Jest Snapshot v1, https://goo.gl/fbAQLP

exports[`RfOutlet should render correctly 1`] = `
<div
  className="device_1woep87-o_O-outlet_zf5bi4-o_O-off_1x9dv6u"
>
  <span>
    Fernseher
  </span>
  <div
    className="plug_15loxqg-o_O-plugOff_1pr3crw"
    onClick={[Function]}
  >
    ðŸ”Œ
  </div>
</div>
`;
