// Jest Snapshot v1, https://goo.gl/fbAQLP

exports[`BrightnessSlider should render correctly 1`] = `
<input
  defaultValue={1}
  max="254"
  min="0"
  onMouseUp={[Function]}
  style={
    Object {
      "margin": "20px 0",
      "width": "120px",
    }
  }
  type="range"
/>
`;
