// Jest Snapshot v1, https://goo.gl/fbAQLP

exports[`LightSwitch should render correctly 1`] = `
<div
  className="bulb"
  onClick={[Function]}
>
  ðŸ’¡
</div>
`;
