// Jest Snapshot v1, https://goo.gl/fbAQLP

exports[`TemperatureSensor should render correctly 1`] = `
<div
  className="tempSensor"
  style={
    Object {
      "height": "920px",
      "width": "280px",
    }
  }
>
  <h4
    className="name"
  >
    Office
  </h4>
  <div
    className="value"
  >
    23.2
    Â°C
  </div>
</div>
`;
